
> @figma/my-make-file@0.0.1 build
> vite build

[36mvite v6.3.5 [32mbuilding for production...[36m[39m
transforming...
[32mΓ£ô[39m 1705 modules transformed.
node.exe : 
[31mΓ£ù[39m Build 
failed in 3.97s
At C:\Program Files\nod
ejs\npm.ps1:29 char:3
+   & $NODE_EXE 
$NPM_CLI_JS $args
+   ~~~~~~~~~~~~~~~~~~~
~~~~~~~~~~
    + CategoryInfo     
         : NotSpecifi  
  ed: ([31mΓ£ù[39m   
  Build failed in 3    
.97s:String) [], R    
emoteException
    + FullyQualifiedEr 
   rorId : NativeComm  
  andError
 
[31merror during 
build:
[31mCould not resolve 
"../../api/axios" from 
"src/app/components/sca
n/ScanHistory.tsx"[31m
file: [36mC:/Users/HP/
Desktop/SafeLearn/front
end/src/app/components/
scan/ScanHistory.tsx[3
1m
    at getRollupError (
file:///C:/Users/HP/Des
ktop/SafeLearn/frontend
/node_modules/vite/node
_modules/rollup/dist/es
/shared/parseAst.js:406
:41)
    at error (file:///C
:/Users/HP/Desktop/Safe
Learn/frontend/node_mod
ules/vite/node_modules/
rollup/dist/es/shared/p
arseAst.js:402:42)
    at ModuleLoader.han
dleInvalidResolvedId (f
ile:///C:/Users/HP/Desk
top/SafeLearn/frontend/
node_modules/vite/node_
modules/rollup/dist/es/
shared/node-entry.js:21
765:24)
    at file:///C:/Users
/HP/Desktop/SafeLearn/f
rontend/node_modules/vi
te/node_modules/rollup/
dist/es/shared/node-ent
ry.js:21725:26[39m
